
============================================================
📥 AUTOMATIC MOCK INBOX DELIVERY — 2026-06-06 15:06:51
============================================================
FROM:    security@vigilance-jeunesse.tn
TO:      kicab47687@fanchatu.com
SUBJECT: 🔑 Secure OTP Verification - Réseau Vigilance Jeunesse
----------------------------------------
BODY:
Hello tunis5_operator,

Your single-use authorization passcode is: 634585
This code expires in 10 minutes.
============================================================


============================================================
📥 AUTOMATIC MOCK INBOX DELIVERY — 2026-06-06 18:54:20
============================================================
FROM:    security@vigilance-jeunesse.tn
TO:      nogexex551@dosbee.com
SUBJECT: 🔑 Secure OTP Verification - Réseau Vigilance Jeunesse
----------------------------------------
BODY:
Hello tunis6_operator,

Your single-use authorization passcode is: 470900
This code expires in 10 minutes.
============================================================


============================================================
📥 AUTOMATIC MOCK INBOX DELIVERY — 2026-06-06 19:33:11
============================================================
FROM:    security@vigilance-jeunesse.tn
TO:      c_tunis6@gmail.com
SUBJECT: 🔑 Secure OTP Verification - Réseau Vigilance Jeunesse
----------------------------------------
BODY:
Hello tunis6_counselor,

Your single-use authorization passcode is: 567255
This code expires in 10 minutes.
============================================================


============================================================
📥 AUTOMATIC MOCK INBOX DELIVERY — 2026-06-06 21:46:57
============================================================
FROM:    security@vigilance-jeunesse.tn
TO:      o_ariana2@gmail.com
SUBJECT: 🔑 Secure OTP Verification - Réseau Vigilance Jeunesse
----------------------------------------
BODY:
Hello ariana2_operator,

Your single-use authorization passcode is: 533630
This code expires in 10 minutes.
============================================================


============================================================
📥 AUTOMATIC MOCK INBOX DELIVERY — 2026-06-06 22:05:09
============================================================
FROM:    security@vigilance-jeunesse.tn
TO:      c_tunis6@gmail.com
SUBJECT: 🔑 Secure OTP Verification - Réseau Vigilance Jeunesse
----------------------------------------
BODY:
Hello tunis6_counselor,

Your single-use authorization passcode is: 166467
This code expires in 10 minutes.
============================================================


============================================================
📥 AUTOMATIC MOCK INBOX DELIVERY — 2026-06-07 14:49:23
============================================================
FROM:    security@vigilance-jeunesse.tn
TO:      nogexex551@dosbee.com
SUBJECT: 🔑 Secure OTP Verification - Réseau Vigilance Jeunesse
----------------------------------------
BODY:
Hello tunis6_operator,

Your single-use authorization passcode is: 612126
This code expires in 10 minutes.
============================================================


============================================================
📥 AUTOMATIC MOCK INBOX DELIVERY — 2026-06-07 16:11:00
============================================================
FROM:    security@vigilance-jeunesse.tn
TO:      o_ariana2@gmail.com
SUBJECT: 🔑 Secure OTP Verification - Réseau Vigilance Jeunesse
----------------------------------------
BODY:
Hello ariana2_operator,

Your single-use authorization passcode is: 739499
This code expires in 10 minutes.
============================================================


============================================================
📥 AUTOMATIC MOCK INBOX DELIVERY — 2026-06-09 21:53:10
============================================================
FROM:    security@vigilance-jeunesse.tn
TO:      c_kelibia@gmail.com
SUBJECT: 🔑 Secure OTP Verification - Réseau Vigilance Jeunesse
----------------------------------------
BODY:
Hello kelibia_counselor,

Your single-use authorization passcode is: 759032
This code expires in 10 minutes.
============================================================


============================================================
📥 AUTOMATIC MOCK INBOX DELIVERY — 2026-06-09 21:56:40
============================================================
FROM:    security@vigilance-jeunesse.tn
TO:      c_kelibia@gmail.com
SUBJECT: 🔑 Secure OTP Verification - Réseau Vigilance Jeunesse
----------------------------------------
BODY:
Hello kelibia_counselor,

Your single-use authorization passcode is: 927492
This code expires in 10 minutes.
============================================================


============================================================
📥 AUTOMATIC MOCK INBOX DELIVERY — 2026-06-09 21:59:28
============================================================
FROM:    security@vigilance-jeunesse.tn
TO:      c_kelibia@gmail.com
SUBJECT: 🔑 Secure OTP Verification - Réseau Vigilance Jeunesse
----------------------------------------
BODY:
Hello kelibia_counselor,

Your single-use authorization passcode is: 371369
This code expires in 10 minutes.
============================================================


============================================================
📥 AUTOMATIC MOCK INBOX DELIVERY — 2026-06-09 22:04:08
============================================================
FROM:    security@vigilance-jeunesse.tn
TO:      c_kelibia@gmail.com
SUBJECT: 🔑 Secure OTP Verification - Réseau Vigilance Jeunesse
----------------------------------------
BODY:
Hello kelibia_counselor,

Your single-use authorization passcode is: 169869
This code expires in 10 minutes.
============================================================


============================================================
📥 AUTOMATIC MOCK INBOX DELIVERY — 2026-06-09 22:27:22
============================================================
FROM:    security@vigilance-jeunesse.tn
TO:      c_kelibia@gmail.com
SUBJECT: 🔑 Secure OTP Verification - Réseau Vigilance Jeunesse
----------------------------------------
BODY:
Hello kelibia_counselor,

Your single-use authorization passcode is: 158115
This code expires in 10 minutes.
============================================================


============================================================
📥 AUTOMATIC MOCK INBOX DELIVERY — 2026-06-09 22:44:58
============================================================
FROM:    security@vigilance-jeunesse.tn
TO:      c_kelibia@gmail.com
SUBJECT: 🔑 Secure OTP Verification - Réseau Vigilance Jeunesse
----------------------------------------
BODY:
Hello kelibia_counselor,

Your single-use authorization passcode is: 243668
This code expires in 10 minutes.
============================================================


============================================================
📥 AUTOMATIC MOCK INBOX DELIVERY — 2026-06-09 23:46:02
============================================================
FROM:    security@vigilance-jeunesse.tn
TO:      c_kelibia@gmail.com
SUBJECT: 🔑 Secure OTP Verification - Réseau Vigilance Jeunesse
----------------------------------------
BODY:
Hello kelibia_counselor,

Your single-use authorization passcode is: 727316
This code expires in 10 minutes.
============================================================

